// Jest Snapshot v1, https://goo.gl/fbAQLP

exports[`renders without error 1`] = `
Array [
  <div>
    homepage
  </div>,
  <a
    href="/foobar"
    onClick={[Function]}
  >
    foo-bar
  </a>,
]
`;
