// Jest Snapshot v1, https://goo.gl/fbAQLP

exports[`renders without error 1`] = `null`;
